                                                                                                                       ******************************
Config:
composer_commit_hash: None
composer_version: 0.23.5
enabled_algorithms/GMM_Pruning: true
node_name: unknown because NODENAME environment variable not set
num_gpus_per_node: 1
num_nodes: 1
rank_zero_seed: 428
******************************
/home/wang4538/.conda/envs/cent7/2024.02-py311/low/lib/python3.12/site-packages/torch/utils/data/dataloader.py:558: UserWarning: This DataLoader will create 4 worker processes in total. Our suggested max number of worker in current system is 1, which is smaller than what this DataLoader is going to create. Please be aware that excessive worker creation might get DataLoader running slow or even freeze, lower the worker number to avoid potential slowness/freeze if necessary.
  warnings.warn(_create_warning_msg(
                                                                                                                        /home/wang4538/DGMS-master/modeling/DGMS/GMM.py:107: UserWarning: To copy construct from a tensor, it is recommended to use sourceTensor.clone().detach() or sourceTensor.clone().detach().requires_grad_(True), rather than torch.tensor(sourceTensor).
  return torch.tensor(torch.exp(-torch.div((x - mu)**2, 2 * sigma**2))).mul(_pi)]



































train          Epoch   0:  100%|█████████████████████████| 195/195 [01:14<00:00,  2.62ba/s, loss/train/total=0.0428]
eval           Epoch   0:    5%|█▎                       | 2/40 [00:00<00:14,  2.66ba/s]



  warnings.warn(poch   0:   98%|████████████████████████▍| 39/40 [00:07<00:00,  6.34ba/s]
eval           Epoch   0:  100%|█████████████████████████| 40/40 [00:08<00:00,  4.92ba/s, metrics/eval/Val_Acc=0.7865]










































train          Epoch   1:  100%|█████████████████████████| 195/195 [01:25<00:00,  2.28ba/s, loss/train/total=0.2902]
eval           Epoch   1:    5%|█▎                       | 2/40 [00:00<00:15,  2.46ba/s]



eval           Epoch   1:  100%|█████████████████████████| 40/40 [00:08<00:00,  4.92ba/s, metrics/eval/Val_Acc=0.2359]










































train          Epoch   2:  100%|█████████████████████████| 195/195 [01:26<00:00,  2.26ba/s, loss/train/total=0.2325]
eval           Epoch   2:    0%|                         | 0/40 [00:00<?, ?ba/s]




eval           Epoch   2:  100%|█████████████████████████| 40/40 [00:08<00:00,  4.88ba/s, metrics/eval/Val_Acc=0.4551]










































train          Epoch   3:  100%|█████████████████████████| 195/195 [01:26<00:00,  2.24ba/s, loss/train/total=0.1784]
eval           Epoch   3:    0%|                         | 0/40 [00:00<?, ?ba/s]




eval           Epoch   3:  100%|█████████████████████████| 40/40 [00:08<00:00,  4.89ba/s, metrics/eval/Val_Acc=0.6729]









































train          Epoch   4:  100%|█████████████████████████| 195/195 [01:26<00:00,  2.27ba/s, loss/train/total=0.1772]
eval           Epoch   4:    0%|                         | 0/40 [00:00<?, ?ba/s]




eval           Epoch   4:  100%|█████████████████████████| 40/40 [00:08<00:00,  4.94ba/s, metrics/eval/Val_Acc=0.7136]









































train          Epoch   5:  100%|█████████████████████████| 195/195 [01:25<00:00,  2.29ba/s, loss/train/total=0.1585]
eval           Epoch   5:    0%|                         | 0/40 [00:00<?, ?ba/s]




eval           Epoch   5:  100%|█████████████████████████| 40/40 [00:08<00:00,  4.92ba/s, metrics/eval/Val_Acc=0.7565]









































train          Epoch   6:  100%|█████████████████████████| 195/195 [01:24<00:00,  2.48ba/s, loss/train/total=0.2193]
train          Epoch   6:  100%|█████████████████████████| 195/195 [01:24<00:00,  2.31ba/s, loss/train/total=0.2193]



eval           Epoch   6:  100%|█████████████████████████| 40/40 [00:08<00:00,  4.80ba/s, metrics/eval/Val_Acc=0.7440]

































train          Epoch   7:  100%|█████████████████████████| 195/195 [01:25<00:00,  2.27ba/s, loss/train/total=0.3014]
eval           Epoch   7:    5%|█▎                       | 2/40 [00:00<00:15,  2.48ba/s]



eval           Epoch   7:  100%|█████████████████████████| 40/40 [00:08<00:00,  4.94ba/s, metrics/eval/Val_Acc=0.7464]









































train          Epoch   8:  100%|█████████████████████████| 195/195 [01:24<00:00,  2.31ba/s, loss/train/total=0.2564]
eval           Epoch   8:    0%|                         | 0/40 [00:00<?, ?ba/s]




eval           Epoch   8:  100%|█████████████████████████| 40/40 [00:08<00:00,  4.97ba/s, metrics/eval/Val_Acc=0.7479]




































train          Epoch   9:  100%|█████████████████████████| 195/195 [01:14<00:00,  2.60ba/s, loss/train/total=0.2715]
eval           Epoch   9:    8%|█▉                       | 3/40 [00:01<00:11,  3.31ba/s]



eval           Epoch   9:  100%|█████████████████████████| 40/40 [00:08<00:00,  4.95ba/s, metrics/eval/Val_Acc=0.7475]





































train          Epoch  10:   99%|████████████████████████▊| 194/195 [01:14<00:00,  3.13ba/s, loss/train/total=0.2403]
train          Epoch  10:  100%|█████████████████████████| 195/195 [01:14<00:00,  2.61ba/s, loss/train/total=0.2884]




eval           Epoch  10:  100%|█████████████████████████| 40/40 [00:08<00:00,  4.92ba/s, metrics/eval/Val_Acc=0.7466]